[20:34:02.901] [PID:62232] Current thread desktop: exebox-DW4QW5OG33JXBZZ5AXYNWKN7PO
[20:34:02.915] [PID:62232] Non-default desktop 'exebox-DW4QW5OG33JXBZZ5AXYNWKN7PO' detected. Relaying process to WinSta0\default...
[20:34:02.942] [PID:62232] Child process spawned on WinSta0\default (PID: 55136). Waiting for exit...
[20:34:02.980] [PID:55136] Current thread desktop: Default
[20:34:02.997] [PID:55136] Program.Main entered
[20:34:02.998] [PID:55136] Calling StartWithClassicDesktopLifetime...
[20:34:03.348] [PID:55136] App.Initialize started
[20:34:03.400] [PID:55136] App.Initialize finished
[20:34:03.440] [PID:55136] App.OnFrameworkInitializationCompleted started
[20:34:03.441] [PID:55136] Creating MainWindow instance...
[20:34:03.525] [PID:55136] MainWindow constructor started
[20:34:03.750] [PID:55136] MainWindow InitializeComponent finished
[20:34:03.774] [PID:55136] MainWindow MainViewModel created
[20:34:03.802] [PID:55136] MainWindow constructor finished
[20:34:03.802] [PID:55136] MainWindow instance assigned to desktop.MainWindow
[20:34:03.803] [PID:55136] App.OnFrameworkInitializationCompleted finished
[20:34:04.034] [PID:55136] MainWindow.OnOpened entered
[20:34:04.035] [PID:55136] MainWindow.OnOpened handle=59905262
[20:34:04.036] [PID:55136] MainWindow.OnOpened EnsureWindowVisible finished
[20:46:21.774] [PID:55136] StartWithClassicDesktopLifetime returned cleanly
[20:46:21.833] [PID:62232] Child process exited with code: 0
